2024-11-11 18:45:57 [INFO]: База данных синхронизирована
2024-11-11 18:46:10 [INFO]: База данных синхронизирована
2024-11-11 18:46:52 [INFO]: База данных синхронизирована
2024-11-11 18:47:23 [INFO]: База данных синхронизирована
2024-11-11 18:48:37 [INFO]: База данных синхронизирована
2024-11-11 18:49:03 [INFO]: База данных синхронизирована
2024-11-11 18:50:04 [INFO]: База данных синхронизирована
2024-11-11 18:50:57 [INFO]: База данных синхронизирована
2024-11-11 18:50:57 [INFO]: Сервер запущен на http://141.8.192.217:8001
2024-11-11 19:05:11 [INFO]: База данных синхронизирована
2024-11-11 19:05:11 [INFO]: Сервер запущен на http://141.8.192.217:8001
2024-11-11 19:15:46 [INFO]: База данных синхронизирована
2024-11-11 19:17:25 [INFO]: База данных синхронизирована
2024-11-11 19:17:36 [INFO]: База данных синхронизирована
2024-11-11 19:18:36 [INFO]: База данных синхронизирована
2024-11-11 19:21:07 [INFO]: База данных синхронизирована
2024-11-11 19:21:18 [INFO]: База данных синхронизирована
2024-11-11 19:21:55 [INFO]: База данных синхронизирована
2024-11-11 19:21:55 [INFO]: Сервер запущен на http://141.8.192.217:8001
2024-11-11 19:31:04 [INFO]: База данных синхронизирована
2024-11-11 19:31:04 [INFO]: Сервер запущен на http://141.8.192.217:8001
2024-11-11 19:40:59 [INFO]: База данных синхронизирована
2024-11-11 19:40:59 [INFO]: Сервер запущен на http://0.0.0.0:8001
2024-11-11 19:57:21 [INFO]: База данных синхронизирована
2024-11-16 11:03:00 [INFO]: База данных синхронизирована
2024-11-16 11:04:46 [INFO]: База данных синхронизирована
2024-11-16 11:04:53 [INFO]: База данных синхронизирована
2024-11-16 11:05:00 [INFO]: База данных синхронизирована
2024-11-16 11:05:53 [INFO]: База данных синхронизирована
2024-11-16 11:06:05 [INFO]: База данных синхронизирована
2024-11-16 11:08:37 [INFO]: База данных синхронизирована
2024-11-16 11:08:37 [INFO]: Сервер запущен на http://0.0.0.0:8000
2024-11-16 11:10:08 [INFO]: База данных синхронизирована
2024-11-16 11:10:08 [INFO]: Сервер запущен на http://0.0.0.0:8000
2024-11-16 11:14:02 [INFO]: База данных синхронизирована
2024-11-16 11:15:29 [INFO]: База данных синхронизирована
2024-11-16 11:18:16 [INFO]: База данных синхронизирована
2024-11-16 11:18:35 [INFO]: База данных синхронизирована
2024-11-16 11:19:05 [INFO]: База данных синхронизирована
2024-11-16 11:19:33 [INFO]: База данных синхронизирована
2024-11-16 11:19:43 [INFO]: База данных синхронизирована
2024-11-16 11:20:30 [INFO]: База данных синхронизирована
2024-11-16 11:20:30 [INFO]: Сервер запущен на 0.0.0.0:8000
2024-11-16 12:34:15 [ERROR]: Ошибка синхронизации базы данных:
2024-11-16 15:26:27 [ERROR]: Ошибка синхронизации базы данных: Access denied for user 'db_user'@'localhost' (using password: YES)
2024-11-16 15:47:14 [INFO]: База данных синхронизирована
2024-11-16 15:47:14 [INFO]: Сервер запущен на 0.0.0.0:8000
2024-11-16 15:52:19 [INFO]: База данных синхронизирована
2024-11-16 15:52:19 [INFO]: Сервер запущен на 0.0.0.0:8001
2024-11-16 15:52:38 [INFO]: Сессия начата:
2024-11-16 15:52:55 [INFO]: Сессия начата:
2024-11-16 15:54:22 [INFO]: Сессия начата:
2024-11-16 15:54:36 [INFO]: Запись обновлена:
2024-11-16 15:54:36 [INFO]: Запись обновлена:
2024-11-16 15:54:42 [INFO]: Запись обновлена:
2024-11-16 15:54:42 [INFO]: Запись обновлена:
2024-11-16 15:54:43 [INFO]: Запись обновлена:
2024-11-16 15:55:43 [INFO]: Сессия начата:
2024-11-16 15:55:45 [INFO]: Сессия начата:
2024-11-16 15:55:47 [WARN]: Превышен лимит сессий для IP:
2024-11-16 16:13:41 [WARN]: Превышен лимит сессий для IP:
2024-11-16 16:18:01 [WARN]: Превышен лимит сессий для IP:
2024-11-16 19:33:39 [INFO]: База данных синхронизирована
2024-11-16 19:33:39 [INFO]: Сервер запущен на 0.0.0.0:8001
2024-11-16 19:42:33 [INFO]: База данных синхронизирована
2024-11-16 19:42:33 [INFO]: Сервер запущен на 0.0.0.0:8001
2024-11-16 19:47:36 [INFO]: База данных синхронизирована
2024-11-16 19:47:36 [INFO]: Сервер запущен на 0.0.0.0:8001
2024-11-17 09:46:25 [INFO]: База данных синхронизирована
2024-11-17 09:46:25 [INFO]: Сервер запущен на 0.0.0.0:8001
2024-11-17 09:49:41 [INFO]: База данных синхронизирована
2024-11-17 09:49:41 [INFO]: Сервер запущен на 0.0.0.0:8001
2024-11-17 10:43:25 [INFO]: База данных синхронизирована
2024-11-17 10:43:47 [INFO]: База данных синхронизирована
2024-11-17 10:43:47 [INFO]: Сервер запущен на 0.0.0.0:8001
2024-11-17 10:57:07 [INFO]: База данных синхронизирована
2024-11-17 10:57:07 [INFO]: Сервер запущен на 0.0.0.0:8001
2024-11-18 07:12:48 [INFO]: Сессия начата:
2024-11-18 07:13:05 [INFO]: Запись обновлена:
2024-11-18 07:13:10 [INFO]: Запись обновлена:
2024-11-18 07:13:11 [INFO]: Запись обновлена:
2024-11-18 07:13:12 [INFO]: Запись обновлена:
2024-11-18 07:35:30 [INFO]: Сессия начата:
2024-11-18 07:35:43 [INFO]: Сессия начата:
2024-11-18 07:35:48 [INFO]: Запись обновлена:
2024-11-18 07:36:08 [INFO]: Запись обновлена:
2024-11-18 07:36:09 [INFO]: Запись обновлена:
2024-11-18 07:36:18 [INFO]: Запись обновлена:
2024-11-18 08:25:38 [INFO]: Сессия начата:
2024-11-18 08:33:23 [INFO]: Сессия начата:
2024-11-18 08:33:26 [INFO]: Сессия начата:
2024-11-18 12:03:39 [INFO]: База данных синхронизирована
2024-11-18 12:03:39 [INFO]: Сервер запущен на 0.0.0.0:8001
2024-11-18 12:03:41 [INFO]: База данных синхронизирована
2024-11-18 12:06:46 [INFO]: База данных синхронизирована
2024-11-18 12:06:46 [INFO]: Сервер запущен на 0.0.0.0:8001
2024-11-18 12:06:48 [INFO]: База данных синхронизирована
2024-11-18 12:07:06 [INFO]: Сессия начата:
2024-11-18 12:11:33 [INFO]: Сессия начата:
2024-11-18 12:11:38 [INFO]: Сессия начата:
2024-11-18 13:54:15 [ERROR]: ENOENT: no such file or directory, stat '/var/www/propala_rep/GitHub/opioom/site/mainpage.html' ENOENT: no such file or directory, stat '/var/www/propala_rep/GitHub/opioom/site/mainpage.html'
2024-11-18 13:54:26 [ERROR]: ENOENT: no such file or directory, stat '/var/www/propala_rep/GitHub/opioom/site/mainpage.html' ENOENT: no such file or directory, stat '/var/www/propala_rep/GitHub/opioom/site/mainpage.html'
2024-11-18 15:44:42 [ERROR]: ENOENT: no such file or directory, stat '/var/www/propala_rep/GitHub/opioom/site/mainpage.html' ENOENT: no such file or directory, stat '/var/www/propala_rep/GitHub/opioom/site/mainpage.html'
2024-11-18 23:36:04 [INFO]: Сессия начата:
2024-11-19 00:06:59 [ERROR]: ENOENT: no such file or directory, stat '/var/www/propala_rep/GitHub/opioom/site/mainpage.html' ENOENT: no such file or directory, stat '/var/www/propala_rep/GitHub/opioom/site/mainpage.html'
2024-11-19 07:28:26 [ERROR]: ENOENT: no such file or directory, stat '/var/www/propala_rep/GitHub/opioom/site/mainpage.html' ENOENT: no such file or directory, stat '/var/www/propala_rep/GitHub/opioom/site/mainpage.html'
2024-11-19 08:59:38 [ERROR]: ENOENT: no such file or directory, stat '/var/www/propala_rep/GitHub/opioom/site/mainpage.html' ENOENT: no such file or directory, stat '/var/www/propala_rep/GitHub/opioom/site/mainpage.html'
2024-11-19 08:59:53 [ERROR]: ENOENT: no such file or directory, stat '/var/www/propala_rep/GitHub/opioom/site/mainpage.html' ENOENT: no such file or directory, stat '/var/www/propala_rep/GitHub/opioom/site/mainpage.html'
2024-11-19 09:27:38 [INFO]: Сессия начата:
2024-11-19 09:27:42 [INFO]: Сессия начата:
2024-11-19 09:28:47 [INFO]: Сессия начата:
2024-11-19 09:28:51 [INFO]: Сессия начата:
2024-11-19 12:39:15 [INFO]: Сессия начата:
2024-11-19 12:53:18 [INFO]: Сессия начата:
2024-11-19 12:53:52 [INFO]: Сессия начата:
2024-11-19 13:02:28 [INFO]: База данных синхронизирована
2024-11-19 13:02:28 [INFO]: Сервер запущен на 0.0.0.0:8001
2024-11-19 13:02:35 [INFO]: Сессия начата:
2024-11-19 13:13:18 [INFO]: База данных синхронизирована
2024-11-19 13:13:18 [INFO]: Сервер запущен на 0.0.0.0:8001
2024-11-19 17:11:51 [ERROR]: ENOENT: no such file or directory, stat '/var/www/propala_rep/GitHub/opioom/site/mainpage.html' ENOENT: no such file or directory, stat '/var/www/propala_rep/GitHub/opioom/site/mainpage.html'
2024-11-19 21:14:29 [ERROR]: ENOENT: no such file or directory, stat '/var/www/propala_rep/GitHub/opioom/site/mainpage.html' ENOENT: no such file or directory, stat '/var/www/propala_rep/GitHub/opioom/site/mainpage.html'
2024-11-20 05:12:01 [ERROR]: ENOENT: no such file or directory, stat '/var/www/propala_rep/GitHub/opioom/site/mainpage.html' ENOENT: no such file or directory, stat '/var/www/propala_rep/GitHub/opioom/site/mainpage.html'
2024-11-20 05:16:19 [ERROR]: ENOENT: no such file or directory, stat '/var/www/propala_rep/GitHub/opioom/site/mainpage.html' ENOENT: no such file or directory, stat '/var/www/propala_rep/GitHub/opioom/site/mainpage.html'
2024-11-20 07:06:13 [ERROR]: ENOENT: no such file or directory, stat '/var/www/propala_rep/GitHub/opioom/site/mainpage.html' ENOENT: no such file or directory, stat '/var/www/propala_rep/GitHub/opioom/site/mainpage.html'
2024-11-20 09:24:46 [ERROR]: ENOENT: no such file or directory, stat '/var/www/propala_rep/GitHub/opioom/site/mainpage.html' ENOENT: no such file or directory, stat '/var/www/propala_rep/GitHub/opioom/site/mainpage.html'
2024-11-20 12:01:55 [ERROR]: ENOENT: no such file or directory, stat '/var/www/propala_rep/GitHub/opioom/site/mainpage.html' ENOENT: no such file or directory, stat '/var/www/propala_rep/GitHub/opioom/site/mainpage.html'
2024-11-20 12:02:05 [ERROR]: ENOENT: no such file or directory, stat '/var/www/propala_rep/GitHub/opioom/site/mainpage.html' ENOENT: no such file or directory, stat '/var/www/propala_rep/GitHub/opioom/site/mainpage.html'
2024-11-20 15:28:44 [ERROR]: ENOENT: no such file or directory, stat '/var/www/propala_rep/GitHub/opioom/site/mainpage.html' ENOENT: no such file or directory, stat '/var/www/propala_rep/GitHub/opioom/site/mainpage.html'
2024-11-20 15:30:33 [ERROR]: ENOENT: no such file or directory, stat '/var/www/propala_rep/GitHub/opioom/site/mainpage.html' ENOENT: no such file or directory, stat '/var/www/propala_rep/GitHub/opioom/site/mainpage.html'
2024-11-21 03:02:47 [ERROR]: ENOENT: no such file or directory, stat '/var/www/propala_rep/GitHub/opioom/site/mainpage.html' ENOENT: no such file or directory, stat '/var/www/propala_rep/GitHub/opioom/site/mainpage.html'
2024-11-21 03:03:04 [ERROR]: ENOENT: no such file or directory, stat '/var/www/propala_rep/GitHub/opioom/site/mainpage.html' ENOENT: no such file or directory, stat '/var/www/propala_rep/GitHub/opioom/site/mainpage.html'
2024-11-21 05:05:09 [ERROR]: ENOENT: no such file or directory, stat '/var/www/propala_rep/GitHub/opioom/site/mainpage.html' ENOENT: no such file or directory, stat '/var/www/propala_rep/GitHub/opioom/site/mainpage.html'
2024-11-21 06:00:53 [ERROR]: ENOENT: no such file or directory, stat '/var/www/propala_rep/GitHub/opioom/site/mainpage.html' ENOENT: no such file or directory, stat '/var/www/propala_rep/GitHub/opioom/site/mainpage.html'
2024-11-21 20:57:59 [ERROR]: ENOENT: no such file or directory, stat '/var/www/propala_rep/GitHub/opioom/site/mainpage.html' ENOENT: no such file or directory, stat '/var/www/propala_rep/GitHub/opioom/site/mainpage.html'
2024-11-22 04:56:41 [ERROR]: ENOENT: no such file or directory, stat '/var/www/propala_rep/GitHub/opioom/site/mainpage.html' ENOENT: no such file or directory, stat '/var/www/propala_rep/GitHub/opioom/site/mainpage.html'
2024-11-22 05:15:21 [ERROR]: ENOENT: no such file or directory, stat '/var/www/propala_rep/GitHub/opioom/site/mainpage.html' ENOENT: no such file or directory, stat '/var/www/propala_rep/GitHub/opioom/site/mainpage.html'
2024-11-22 06:28:51 [ERROR]: ENOENT: no such file or directory, stat '/var/www/propala_rep/GitHub/opioom/site/mainpage.html' ENOENT: no such file or directory, stat '/var/www/propala_rep/GitHub/opioom/site/mainpage.html'
2024-11-22 07:25:59 [ERROR]: ENOENT: no such file or directory, stat '/var/www/propala_rep/GitHub/opioom/site/mainpage.html' ENOENT: no such file or directory, stat '/var/www/propala_rep/GitHub/opioom/site/mainpage.html'
2024-11-22 07:26:25 [ERROR]: ENOENT: no such file or directory, stat '/var/www/propala_rep/GitHub/opioom/site/mainpage.html' ENOENT: no such file or directory, stat '/var/www/propala_rep/GitHub/opioom/site/mainpage.html'
2024-11-22 11:40:07 [ERROR]: ENOENT: no such file or directory, stat '/var/www/propala_rep/GitHub/opioom/site/mainpage.html' ENOENT: no such file or directory, stat '/var/www/propala_rep/GitHub/opioom/site/mainpage.html'
2024-11-22 17:12:02 [ERROR]: ENOENT: no such file or directory, stat '/var/www/propala_rep/GitHub/opioom/site/mainpage.html' ENOENT: no such file or directory, stat '/var/www/propala_rep/GitHub/opioom/site/mainpage.html'
2024-11-23 03:42:38 [ERROR]: ENOENT: no such file or directory, stat '/var/www/propala_rep/GitHub/opioom/site/mainpage.html' ENOENT: no such file or directory, stat '/var/www/propala_rep/GitHub/opioom/site/mainpage.html'
2024-11-23 07:11:16 [ERROR]: ENOENT: no such file or directory, stat '/var/www/propala_rep/GitHub/opioom/site/mainpage.html' ENOENT: no such file or directory, stat '/var/www/propala_rep/GitHub/opioom/site/mainpage.html'
2024-11-23 07:11:29 [ERROR]: ENOENT: no such file or directory, stat '/var/www/propala_rep/GitHub/opioom/site/mainpage.html' ENOENT: no such file or directory, stat '/var/www/propala_rep/GitHub/opioom/site/mainpage.html'
2024-11-24 04:10:02 [ERROR]: ENOENT: no such file or directory, stat '/var/www/propala_rep/GitHub/opioom/site/mainpage.html' ENOENT: no such file or directory, stat '/var/www/propala_rep/GitHub/opioom/site/mainpage.html'
2024-11-24 04:10:15 [ERROR]: ENOENT: no such file or directory, stat '/var/www/propala_rep/GitHub/opioom/site/mainpage.html' ENOENT: no such file or directory, stat '/var/www/propala_rep/GitHub/opioom/site/mainpage.html'
2024-11-24 06:23:36 [ERROR]: ENOENT: no such file or directory, stat '/var/www/propala_rep/GitHub/opioom/site/mainpage.html' ENOENT: no such file or directory, stat '/var/www/propala_rep/GitHub/opioom/site/mainpage.html'
2024-11-24 06:49:34 [ERROR]: ENOENT: no such file or directory, stat '/var/www/propala_rep/GitHub/opioom/site/mainpage.html' ENOENT: no such file or directory, stat '/var/www/propala_rep/GitHub/opioom/site/mainpage.html'
2024-11-24 07:41:43 [ERROR]: ENOENT: no such file or directory, stat '/var/www/propala_rep/GitHub/opioom/site/mainpage.html' ENOENT: no such file or directory, stat '/var/www/propala_rep/GitHub/opioom/site/mainpage.html'
2024-11-24 20:18:19 [ERROR]: ENOENT: no such file or directory, stat '/var/www/propala_rep/GitHub/opioom/site/mainpage.html' ENOENT: no such file or directory, stat '/var/www/propala_rep/GitHub/opioom/site/mainpage.html'
2024-11-24 20:56:35 [ERROR]: ENOENT: no such file or directory, stat '/var/www/propala_rep/GitHub/opioom/site/mainpage.html' ENOENT: no such file or directory, stat '/var/www/propala_rep/GitHub/opioom/site/mainpage.html'
2024-11-24 21:51:35 [ERROR]: ENOENT: no such file or directory, stat '/var/www/propala_rep/GitHub/opioom/site/mainpage.html' ENOENT: no such file or directory, stat '/var/www/propala_rep/GitHub/opioom/site/mainpage.html'
2024-11-24 22:05:11 [ERROR]: ENOENT: no such file or directory, stat '/var/www/propala_rep/GitHub/opioom/site/mainpage.html' ENOENT: no such file or directory, stat '/var/www/propala_rep/GitHub/opioom/site/mainpage.html'
2024-11-25 01:03:36 [ERROR]: ENOENT: no such file or directory, stat '/var/www/propala_rep/GitHub/opioom/site/mainpage.html' ENOENT: no such file or directory, stat '/var/www/propala_rep/GitHub/opioom/site/mainpage.html'
2024-11-25 01:48:24 [ERROR]: ENOENT: no such file or directory, stat '/var/www/propala_rep/GitHub/opioom/site/mainpage.html' ENOENT: no such file or directory, stat '/var/www/propala_rep/GitHub/opioom/site/mainpage.html'
2024-11-25 08:14:08 [ERROR]: ENOENT: no such file or directory, stat '/var/www/propala_rep/GitHub/opioom/site/mainpage.html' ENOENT: no such file or directory, stat '/var/www/propala_rep/GitHub/opioom/site/mainpage.html'
2024-11-25 14:09:51 [ERROR]: ENOENT: no such file or directory, stat '/var/www/propala_rep/GitHub/opioom/site/mainpage.html' ENOENT: no such file or directory, stat '/var/www/propala_rep/GitHub/opioom/site/mainpage.html'
2024-11-25 14:10:08 [ERROR]: ENOENT: no such file or directory, stat '/var/www/propala_rep/GitHub/opioom/site/mainpage.html' ENOENT: no such file or directory, stat '/var/www/propala_rep/GitHub/opioom/site/mainpage.html'
2024-11-26 10:22:43 [ERROR]: ENOENT: no such file or directory, stat '/var/www/propala_rep/GitHub/opioom/site/mainpage.html' ENOENT: no such file or directory, stat '/var/www/propala_rep/GitHub/opioom/site/mainpage.html'
2024-11-26 10:23:00 [ERROR]: ENOENT: no such file or directory, stat '/var/www/propala_rep/GitHub/opioom/site/mainpage.html' ENOENT: no such file or directory, stat '/var/www/propala_rep/GitHub/opioom/site/mainpage.html'
2024-11-26 11:21:48 [ERROR]: ENOENT: no such file or directory, stat '/var/www/propala_rep/GitHub/opioom/site/mainpage.html' ENOENT: no such file or directory, stat '/var/www/propala_rep/GitHub/opioom/site/mainpage.html'
2024-11-26 16:51:02 [ERROR]: ENOENT: no such file or directory, stat '/var/www/propala_rep/GitHub/opioom/site/mainpage.html' ENOENT: no such file or directory, stat '/var/www/propala_rep/GitHub/opioom/site/mainpage.html'
2024-11-26 17:39:39 [ERROR]: ENOENT: no such file or directory, stat '/var/www/propala_rep/GitHub/opioom/site/mainpage.html' ENOENT: no such file or directory, stat '/var/www/propala_rep/GitHub/opioom/site/mainpage.html'
2024-11-26 23:42:16 [ERROR]: ENOENT: no such file or directory, stat '/var/www/propala_rep/GitHub/opioom/site/mainpage.html' ENOENT: no such file or directory, stat '/var/www/propala_rep/GitHub/opioom/site/mainpage.html'
2024-11-27 03:46:10 [ERROR]: ENOENT: no such file or directory, stat '/var/www/propala_rep/GitHub/opioom/site/mainpage.html' ENOENT: no such file or directory, stat '/var/www/propala_rep/GitHub/opioom/site/mainpage.html'
2024-11-27 10:28:28 [ERROR]: ENOENT: no such file or directory, stat '/var/www/propala_rep/GitHub/opioom/site/mainpage.html' ENOENT: no such file or directory, stat '/var/www/propala_rep/GitHub/opioom/site/mainpage.html'
2024-11-27 10:28:40 [ERROR]: ENOENT: no such file or directory, stat '/var/www/propala_rep/GitHub/opioom/site/mainpage.html' ENOENT: no such file or directory, stat '/var/www/propala_rep/GitHub/opioom/site/mainpage.html'
2024-11-27 10:55:24 [ERROR]: ENOENT: no such file or directory, stat '/var/www/propala_rep/GitHub/opioom/site/mainpage.html' ENOENT: no such file or directory, stat '/var/www/propala_rep/GitHub/opioom/site/mainpage.html'
2024-11-27 10:55:34 [ERROR]: ENOENT: no such file or directory, stat '/var/www/propala_rep/GitHub/opioom/site/mainpage.html' ENOENT: no such file or directory, stat '/var/www/propala_rep/GitHub/opioom/site/mainpage.html'
2024-11-27 10:55:34 [ERROR]: ENOENT: no such file or directory, stat '/var/www/propala_rep/GitHub/opioom/site/mainpage.html' ENOENT: no such file or directory, stat '/var/www/propala_rep/GitHub/opioom/site/mainpage.html'
2024-11-27 15:42:55 [ERROR]: ENOENT: no such file or directory, stat '/var/www/propala_rep/GitHub/opioom/site/mainpage.html' ENOENT: no such file or directory, stat '/var/www/propala_rep/GitHub/opioom/site/mainpage.html'
2024-11-28 00:23:32 [ERROR]: ENOENT: no such file or directory, stat '/var/www/propala_rep/GitHub/opioom/site/mainpage.html' ENOENT: no such file or directory, stat '/var/www/propala_rep/GitHub/opioom/site/mainpage.html'
2024-11-28 07:24:55 [ERROR]: ENOENT: no such file or directory, stat '/var/www/propala_rep/GitHub/opioom/site/mainpage.html' ENOENT: no such file or directory, stat '/var/www/propala_rep/GitHub/opioom/site/mainpage.html'
2024-11-28 07:25:08 [ERROR]: ENOENT: no such file or directory, stat '/var/www/propala_rep/GitHub/opioom/site/mainpage.html' ENOENT: no such file or directory, stat '/var/www/propala_rep/GitHub/opioom/site/mainpage.html'
2024-11-28 10:02:03 [ERROR]: ENOENT: no such file or directory, stat '/var/www/propala_rep/GitHub/opioom/site/mainpage.html' ENOENT: no such file or directory, stat '/var/www/propala_rep/GitHub/opioom/site/mainpage.html'
2024-11-28 12:36:20 [ERROR]: ENOENT: no such file or directory, stat '/var/www/propala_rep/GitHub/opioom/site/mainpage.html' ENOENT: no such file or directory, stat '/var/www/propala_rep/GitHub/opioom/site/mainpage.html'
2024-11-29 08:49:54 [ERROR]: ENOENT: no such file or directory, stat '/var/www/propala_rep/GitHub/opioom/site/mainpage.html' ENOENT: no such file or directory, stat '/var/www/propala_rep/GitHub/opioom/site/mainpage.html'
2024-11-29 10:08:33 [ERROR]: ENOENT: no such file or directory, stat '/var/www/propala_rep/GitHub/opioom/site/mainpage.html' ENOENT: no such file or directory, stat '/var/www/propala_rep/GitHub/opioom/site/mainpage.html'
2024-11-29 10:08:46 [ERROR]: ENOENT: no such file or directory, stat '/var/www/propala_rep/GitHub/opioom/site/mainpage.html' ENOENT: no such file or directory, stat '/var/www/propala_rep/GitHub/opioom/site/mainpage.html'
2024-11-29 19:09:05 [ERROR]: ENOENT: no such file or directory, stat '/var/www/propala_rep/GitHub/opioom/site/mainpage.html' ENOENT: no such file or directory, stat '/var/www/propala_rep/GitHub/opioom/site/mainpage.html'
2024-11-30 05:34:05 [ERROR]: ENOENT: no such file or directory, stat '/var/www/propala_rep/GitHub/opioom/site/mainpage.html' ENOENT: no such file or directory, stat '/var/www/propala_rep/GitHub/opioom/site/mainpage.html'
2024-11-30 06:10:40 [ERROR]: ENOENT: no such file or directory, stat '/var/www/propala_rep/GitHub/opioom/site/mainpage.html' ENOENT: no such file or directory, stat '/var/www/propala_rep/GitHub/opioom/site/mainpage.html'
2024-11-30 06:10:55 [ERROR]: ENOENT: no such file or directory, stat '/var/www/propala_rep/GitHub/opioom/site/mainpage.html' ENOENT: no such file or directory, stat '/var/www/propala_rep/GitHub/opioom/site/mainpage.html'
2024-11-30 09:59:45 [ERROR]: ENOENT: no such file or directory, stat '/var/www/propala_rep/GitHub/opioom/site/mainpage.html' ENOENT: no such file or directory, stat '/var/www/propala_rep/GitHub/opioom/site/mainpage.html'
2024-11-30 11:34:00 [ERROR]: ENOENT: no such file or directory, stat '/var/www/propala_rep/GitHub/opioom/site/mainpage.html' ENOENT: no such file or directory, stat '/var/www/propala_rep/GitHub/opioom/site/mainpage.html'
2024-11-30 11:34:18 [ERROR]: ENOENT: no such file or directory, stat '/var/www/propala_rep/GitHub/opioom/site/mainpage.html' ENOENT: no such file or directory, stat '/var/www/propala_rep/GitHub/opioom/site/mainpage.html'
2024-11-30 14:17:20 [ERROR]: ENOENT: no such file or directory, stat '/var/www/propala_rep/GitHub/opioom/site/mainpage.html' ENOENT: no such file or directory, stat '/var/www/propala_rep/GitHub/opioom/site/mainpage.html'
2024-11-30 17:42:32 [ERROR]: ENOENT: no such file or directory, stat '/var/www/propala_rep/GitHub/opioom/site/mainpage.html' ENOENT: no such file or directory, stat '/var/www/propala_rep/GitHub/opioom/site/mainpage.html'
2024-11-30 17:54:28 [ERROR]: ENOENT: no such file or directory, stat '/var/www/propala_rep/GitHub/opioom/site/mainpage.html' ENOENT: no such file or directory, stat '/var/www/propala_rep/GitHub/opioom/site/mainpage.html'
2024-12-01 00:06:27 [ERROR]: ENOENT: no such file or directory, stat '/var/www/propala_rep/GitHub/opioom/site/mainpage.html' ENOENT: no such file or directory, stat '/var/www/propala_rep/GitHub/opioom/site/mainpage.html'
2024-12-01 00:40:23 [ERROR]: ENOENT: no such file or directory, stat '/var/www/propala_rep/GitHub/opioom/site/mainpage.html' ENOENT: no such file or directory, stat '/var/www/propala_rep/GitHub/opioom/site/mainpage.html'
2024-12-01 05:31:25 [ERROR]: ENOENT: no such file or directory, stat '/var/www/propala_rep/GitHub/opioom/site/mainpage.html' ENOENT: no such file or directory, stat '/var/www/propala_rep/GitHub/opioom/site/mainpage.html'
2024-12-01 05:31:43 [ERROR]: ENOENT: no such file or directory, stat '/var/www/propala_rep/GitHub/opioom/site/mainpage.html' ENOENT: no such file or directory, stat '/var/www/propala_rep/GitHub/opioom/site/mainpage.html'
2024-12-02 04:25:26 [ERROR]: ENOENT: no such file or directory, stat '/var/www/propala_rep/GitHub/opioom/site/mainpage.html' ENOENT: no such file or directory, stat '/var/www/propala_rep/GitHub/opioom/site/mainpage.html'
2024-12-02 17:41:13 [ERROR]: ENOENT: no such file or directory, stat '/var/www/propala_rep/GitHub/opioom/site/mainpage.html' ENOENT: no such file or directory, stat '/var/www/propala_rep/GitHub/opioom/site/mainpage.html'
2024-12-02 17:41:26 [ERROR]: ENOENT: no such file or directory, stat '/var/www/propala_rep/GitHub/opioom/site/mainpage.html' ENOENT: no such file or directory, stat '/var/www/propala_rep/GitHub/opioom/site/mainpage.html'
2024-12-02 18:03:14 [ERROR]: ENOENT: no such file or directory, stat '/var/www/propala_rep/GitHub/opioom/site/mainpage.html' ENOENT: no such file or directory, stat '/var/www/propala_rep/GitHub/opioom/site/mainpage.html'
2024-12-02 20:19:55 [ERROR]: ENOENT: no such file or directory, stat '/var/www/propala_rep/GitHub/opioom/site/mainpage.html' ENOENT: no such file or directory, stat '/var/www/propala_rep/GitHub/opioom/site/mainpage.html'
2024-12-03 09:31:44 [ERROR]: ENOENT: no such file or directory, stat '/var/www/propala_rep/GitHub/opioom/site/mainpage.html' ENOENT: no such file or directory, stat '/var/www/propala_rep/GitHub/opioom/site/mainpage.html'
2024-12-03 16:35:57 [ERROR]: ENOENT: no such file or directory, stat '/var/www/propala_rep/GitHub/opioom/site/mainpage.html' ENOENT: no such file or directory, stat '/var/www/propala_rep/GitHub/opioom/site/mainpage.html'
2024-12-03 16:40:38 [ERROR]: ENOENT: no such file or directory, stat '/var/www/propala_rep/GitHub/opioom/site/mainpage.html' ENOENT: no such file or directory, stat '/var/www/propala_rep/GitHub/opioom/site/mainpage.html'
2024-12-03 16:41:53 [ERROR]: ENOENT: no such file or directory, stat '/var/www/propala_rep/GitHub/opioom/site/mainpage.html' ENOENT: no such file or directory, stat '/var/www/propala_rep/GitHub/opioom/site/mainpage.html'
2024-12-03 16:41:53 [ERROR]: ENOENT: no such file or directory, stat '/var/www/propala_rep/GitHub/opioom/site/mainpage.html' ENOENT: no such file or directory, stat '/var/www/propala_rep/GitHub/opioom/site/mainpage.html'
2024-12-03 16:41:53 [ERROR]: ENOENT: no such file or directory, stat '/var/www/propala_rep/GitHub/opioom/site/mainpage.html' ENOENT: no such file or directory, stat '/var/www/propala_rep/GitHub/opioom/site/mainpage.html'
2024-12-03 16:41:54 [ERROR]: ENOENT: no such file or directory, stat '/var/www/propala_rep/GitHub/opioom/site/mainpage.html' ENOENT: no such file or directory, stat '/var/www/propala_rep/GitHub/opioom/site/mainpage.html'
2024-12-03 16:41:54 [ERROR]: ENOENT: no such file or directory, stat '/var/www/propala_rep/GitHub/opioom/site/mainpage.html' ENOENT: no such file or directory, stat '/var/www/propala_rep/GitHub/opioom/site/mainpage.html'
2024-12-03 16:41:54 [ERROR]: ENOENT: no such file or directory, stat '/var/www/propala_rep/GitHub/opioom/site/mainpage.html' ENOENT: no such file or directory, stat '/var/www/propala_rep/GitHub/opioom/site/mainpage.html'
2024-12-03 16:41:54 [ERROR]: ENOENT: no such file or directory, stat '/var/www/propala_rep/GitHub/opioom/site/mainpage.html' ENOENT: no such file or directory, stat '/var/www/propala_rep/GitHub/opioom/site/mainpage.html'
2024-12-03 16:41:54 [ERROR]: ENOENT: no such file or directory, stat '/var/www/propala_rep/GitHub/opioom/site/mainpage.html' ENOENT: no such file or directory, stat '/var/www/propala_rep/GitHub/opioom/site/mainpage.html'
2024-12-03 16:41:54 [ERROR]: ENOENT: no such file or directory, stat '/var/www/propala_rep/GitHub/opioom/site/mainpage.html' ENOENT: no such file or directory, stat '/var/www/propala_rep/GitHub/opioom/site/mainpage.html'
2024-12-03 16:41:54 [ERROR]: ENOENT: no such file or directory, stat '/var/www/propala_rep/GitHub/opioom/site/mainpage.html' ENOENT: no such file or directory, stat '/var/www/propala_rep/GitHub/opioom/site/mainpage.html'
2024-12-03 16:41:55 [ERROR]: ENOENT: no such file or directory, stat '/var/www/propala_rep/GitHub/opioom/site/mainpage.html' ENOENT: no such file or directory, stat '/var/www/propala_rep/GitHub/opioom/site/mainpage.html'
2024-12-03 16:41:55 [ERROR]: ENOENT: no such file or directory, stat '/var/www/propala_rep/GitHub/opioom/site/mainpage.html' ENOENT: no such file or directory, stat '/var/www/propala_rep/GitHub/opioom/site/mainpage.html'
2024-12-03 16:41:55 [ERROR]: ENOENT: no such file or directory, stat '/var/www/propala_rep/GitHub/opioom/site/mainpage.html' ENOENT: no such file or directory, stat '/var/www/propala_rep/GitHub/opioom/site/mainpage.html'
2024-12-03 16:42:02 [ERROR]: ENOENT: no such file or directory, stat '/var/www/propala_rep/GitHub/opioom/site/mainpage.html' ENOENT: no such file or directory, stat '/var/www/propala_rep/GitHub/opioom/site/mainpage.html'
2024-12-03 16:42:02 [ERROR]: ENOENT: no such file or directory, stat '/var/www/propala_rep/GitHub/opioom/site/mainpage.html' ENOENT: no such file or directory, stat '/var/www/propala_rep/GitHub/opioom/site/mainpage.html'
2024-12-03 16:42:02 [ERROR]: ENOENT: no such file or directory, stat '/var/www/propala_rep/GitHub/opioom/site/mainpage.html' ENOENT: no such file or directory, stat '/var/www/propala_rep/GitHub/opioom/site/mainpage.html'
2024-12-03 16:42:02 [ERROR]: ENOENT: no such file or directory, stat '/var/www/propala_rep/GitHub/opioom/site/mainpage.html' ENOENT: no such file or directory, stat '/var/www/propala_rep/GitHub/opioom/site/mainpage.html'
2024-12-03 16:42:02 [ERROR]: ENOENT: no such file or directory, stat '/var/www/propala_rep/GitHub/opioom/site/mainpage.html' ENOENT: no such file or directory, stat '/var/www/propala_rep/GitHub/opioom/site/mainpage.html'
2024-12-03 16:42:02 [ERROR]: ENOENT: no such file or directory, stat '/var/www/propala_rep/GitHub/opioom/site/mainpage.html' ENOENT: no such file or directory, stat '/var/www/propala_rep/GitHub/opioom/site/mainpage.html'
2024-12-03 16:42:03 [ERROR]: ENOENT: no such file or directory, stat '/var/www/propala_rep/GitHub/opioom/site/mainpage.html' ENOENT: no such file or directory, stat '/var/www/propala_rep/GitHub/opioom/site/mainpage.html'
2024-12-03 16:42:03 [ERROR]: ENOENT: no such file or directory, stat '/var/www/propala_rep/GitHub/opioom/site/mainpage.html' ENOENT: no such file or directory, stat '/var/www/propala_rep/GitHub/opioom/site/mainpage.html'
2024-12-03 16:42:03 [ERROR]: ENOENT: no such file or directory, stat '/var/www/propala_rep/GitHub/opioom/site/mainpage.html' ENOENT: no such file or directory, stat '/var/www/propala_rep/GitHub/opioom/site/mainpage.html'
2024-12-03 16:42:03 [ERROR]: ENOENT: no such file or directory, stat '/var/www/propala_rep/GitHub/opioom/site/mainpage.html' ENOENT: no such file or directory, stat '/var/www/propala_rep/GitHub/opioom/site/mainpage.html'
2024-12-03 16:42:03 [ERROR]: ENOENT: no such file or directory, stat '/var/www/propala_rep/GitHub/opioom/site/mainpage.html' ENOENT: no such file or directory, stat '/var/www/propala_rep/GitHub/opioom/site/mainpage.html'
2024-12-03 16:42:03 [ERROR]: ENOENT: no such file or directory, stat '/var/www/propala_rep/GitHub/opioom/site/mainpage.html' ENOENT: no such file or directory, stat '/var/www/propala_rep/GitHub/opioom/site/mainpage.html'
2024-12-03 16:42:04 [ERROR]: ENOENT: no such file or directory, stat '/var/www/propala_rep/GitHub/opioom/site/mainpage.html' ENOENT: no such file or directory, stat '/var/www/propala_rep/GitHub/opioom/site/mainpage.html'
2024-12-03 16:42:04 [ERROR]: ENOENT: no such file or directory, stat '/var/www/propala_rep/GitHub/opioom/site/mainpage.html' ENOENT: no such file or directory, stat '/var/www/propala_rep/GitHub/opioom/site/mainpage.html'
2024-12-03 19:22:25 [ERROR]: ENOENT: no such file or directory, stat '/var/www/propala_rep/GitHub/opioom/site/mainpage.html' ENOENT: no such file or directory, stat '/var/www/propala_rep/GitHub/opioom/site/mainpage.html'
2024-12-04 05:57:55 [ERROR]: ENOENT: no such file or directory, stat '/var/www/propala_rep/GitHub/opioom/site/mainpage.html' ENOENT: no such file or directory, stat '/var/www/propala_rep/GitHub/opioom/site/mainpage.html'
2024-12-04 06:53:33 [ERROR]: ENOENT: no such file or directory, stat '/var/www/propala_rep/GitHub/opioom/site/mainpage.html' ENOENT: no such file or directory, stat '/var/www/propala_rep/GitHub/opioom/site/mainpage.html'
2024-12-04 08:13:42 [ERROR]: ENOENT: no such file or directory, stat '/var/www/propala_rep/GitHub/opioom/site/mainpage.html' ENOENT: no such file or directory, stat '/var/www/propala_rep/GitHub/opioom/site/mainpage.html'
2024-12-04 12:47:42 [ERROR]: ENOENT: no such file or directory, stat '/var/www/propala_rep/GitHub/opioom/site/mainpage.html' ENOENT: no such file or directory, stat '/var/www/propala_rep/GitHub/opioom/site/mainpage.html'
2024-12-04 12:47:57 [ERROR]: ENOENT: no such file or directory, stat '/var/www/propala_rep/GitHub/opioom/site/mainpage.html' ENOENT: no such file or directory, stat '/var/www/propala_rep/GitHub/opioom/site/mainpage.html'
2024-12-04 20:20:03 [ERROR]: ENOENT: no such file or directory, stat '/var/www/propala_rep/GitHub/opioom/site/mainpage.html' ENOENT: no such file or directory, stat '/var/www/propala_rep/GitHub/opioom/site/mainpage.html'
2024-12-04 23:11:22 [ERROR]: ENOENT: no such file or directory, stat '/var/www/propala_rep/GitHub/opioom/site/mainpage.html' ENOENT: no such file or directory, stat '/var/www/propala_rep/GitHub/opioom/site/mainpage.html'
2024-12-05 05:26:12 [ERROR]: ENOENT: no such file or directory, stat '/var/www/propala_rep/GitHub/opioom/site/mainpage.html' ENOENT: no such file or directory, stat '/var/www/propala_rep/GitHub/opioom/site/mainpage.html'
2024-12-05 16:37:34 [ERROR]: ENOENT: no such file or directory, stat '/var/www/propala_rep/GitHub/opioom/site/mainpage.html' ENOENT: no such file or directory, stat '/var/www/propala_rep/GitHub/opioom/site/mainpage.html'
2024-12-05 16:37:43 [ERROR]: ENOENT: no such file or directory, stat '/var/www/propala_rep/GitHub/opioom/site/mainpage.html' ENOENT: no such file or directory, stat '/var/www/propala_rep/GitHub/opioom/site/mainpage.html'
2024-12-05 16:57:56 [ERROR]: ENOENT: no such file or directory, stat '/var/www/propala_rep/GitHub/opioom/site/mainpage.html' ENOENT: no such file or directory, stat '/var/www/propala_rep/GitHub/opioom/site/mainpage.html'
2024-12-05 19:45:33 [ERROR]: ENOENT: no such file or directory, stat '/var/www/propala_rep/GitHub/opioom/site/mainpage.html' ENOENT: no such file or directory, stat '/var/www/propala_rep/GitHub/opioom/site/mainpage.html'
2024-12-06 05:40:43 [ERROR]: ENOENT: no such file or directory, stat '/var/www/propala_rep/GitHub/opioom/site/mainpage.html' ENOENT: no such file or directory, stat '/var/www/propala_rep/GitHub/opioom/site/mainpage.html'
2024-12-06 06:43:04 [ERROR]: ENOENT: no such file or directory, stat '/var/www/propala_rep/GitHub/opioom/site/mainpage.html' ENOENT: no such file or directory, stat '/var/www/propala_rep/GitHub/opioom/site/mainpage.html'
2024-12-06 16:52:17 [ERROR]: ENOENT: no such file or directory, stat '/var/www/propala_rep/GitHub/opioom/site/mainpage.html' ENOENT: no such file or directory, stat '/var/www/propala_rep/GitHub/opioom/site/mainpage.html'
2024-12-06 16:52:34 [ERROR]: ENOENT: no such file or directory, stat '/var/www/propala_rep/GitHub/opioom/site/mainpage.html' ENOENT: no such file or directory, stat '/var/www/propala_rep/GitHub/opioom/site/mainpage.html'
2024-12-06 20:12:40 [ERROR]: ENOENT: no such file or directory, stat '/var/www/propala_rep/GitHub/opioom/site/mainpage.html' ENOENT: no such file or directory, stat '/var/www/propala_rep/GitHub/opioom/site/mainpage.html'
2024-12-07 04:17:09 [ERROR]: ENOENT: no such file or directory, stat '/var/www/propala_rep/GitHub/opioom/site/mainpage.html' ENOENT: no such file or directory, stat '/var/www/propala_rep/GitHub/opioom/site/mainpage.html'
2024-12-07 09:48:39 [ERROR]: ENOENT: no such file or directory, stat '/var/www/propala_rep/GitHub/opioom/site/mainpage.html' ENOENT: no such file or directory, stat '/var/www/propala_rep/GitHub/opioom/site/mainpage.html'
2024-12-07 09:48:58 [ERROR]: ENOENT: no such file or directory, stat '/var/www/propala_rep/GitHub/opioom/site/mainpage.html' ENOENT: no such file or directory, stat '/var/www/propala_rep/GitHub/opioom/site/mainpage.html'
2024-12-07 10:07:33 [ERROR]: ENOENT: no such file or directory, stat '/var/www/propala_rep/GitHub/opioom/site/mainpage.html' ENOENT: no such file or directory, stat '/var/www/propala_rep/GitHub/opioom/site/mainpage.html'
2024-12-07 17:23:55 [ERROR]: ENOENT: no such file or directory, stat '/var/www/propala_rep/GitHub/opioom/site/mainpage.html' ENOENT: no such file or directory, stat '/var/www/propala_rep/GitHub/opioom/site/mainpage.html'
2024-12-07 18:51:27 [ERROR]: ENOENT: no such file or directory, stat '/var/www/propala_rep/GitHub/opioom/site/mainpage.html' ENOENT: no such file or directory, stat '/var/www/propala_rep/GitHub/opioom/site/mainpage.html'
2024-12-07 21:21:39 [ERROR]: ENOENT: no such file or directory, stat '/var/www/propala_rep/GitHub/opioom/site/mainpage.html' ENOENT: no such file or directory, stat '/var/www/propala_rep/GitHub/opioom/site/mainpage.html'
2024-12-07 21:36:27 [ERROR]: ENOENT: no such file or directory, stat '/var/www/propala_rep/GitHub/opioom/site/mainpage.html' ENOENT: no such file or directory, stat '/var/www/propala_rep/GitHub/opioom/site/mainpage.html'
2024-12-08 04:02:40 [ERROR]: ENOENT: no such file or directory, stat '/var/www/propala_rep/GitHub/opioom/site/mainpage.html' ENOENT: no such file or directory, stat '/var/www/propala_rep/GitHub/opioom/site/mainpage.html'
